
> frontend@1.0.0 test
> jest

node.exe : FAIL ./App.test.js
En C:\Users\arian\AppData\Roaming\npm\npm.ps1: 24 Carácter: 5
+     & "node$exe"  "$basedir/node_modules/npm/bin/npm-cli.js" $args
+     ~~~~~~~~~~~~~~~~~~~~~~~~~~~~~~~~~~~~~~~~~~~~~~~~~~~~~~~~~~~~~~
    + CategoryInfo          : NotSpecified: (FAIL ./App.test.js:String) [], RemoteException
    + FullyQualifiedErrorId : NativeCommandError
 
  ÔùÅ Test suite failed to run

    Cannot find module 'react-native/Libraries/Animated/NativeAnimatedHelper' from 'App.test.js'

    [0m [90m 4 |[39m
     [90m 5 |[39m [90m// Mocking native modules that might cause issues in Jest[39m
    [31m[1m>[22m[39m[90m 6 |[39m 
jest[33m.[39mmock([32m'react-native/Libraries/Animated/NativeAnimatedHelper'[39m)[33m;[39m
     [90m   |[39m                                                                  [31m[1m^[22m[39m
     [90m 7 |[39m
     [90m 8 |[39m describe([32m'<App />'[39m[33m,[39m () [33m=>[39m {
     [90m 9 |[39m   it([32m'renders correctly'[39m[33m,[39m () [33m=>[39m {[0m

      at Resolver._throwModNotFoundError (node_modules/jest-resolve/build/resolver.js:427:11)
      at Object.<anonymous> (App.test.js:6:66)

FAIL src/screens/policia/LoginPoliceScreen.test.js
  ÔùÅ Console

    console.warn
      Advertencia: EXPO_PUBLIC_API_URL no est├í definida en el archivo .env

    [0m [90m  7 |[39m
     [90m  8 |[39m [36mif[39m ([33m![39m[33mAPI_URL[39m) {
    [31m[1m>[22m[39m[90m  9 |[39m   console[33m.[39mwarn([32m'Advertencia: EXPO_PUBLIC_API_URL no est├í 
definida en el archivo .env'[39m)[33m;[39m
     [90m    |[39m           [31m[1m^[22m[39m
     [90m 10 |[39m }
     [90m 11 |[39m[0m

      at Object.warn (src/config/env.js:9:11)
      at Object.require (src/screens/policia/LoginPoliceScreen.js:12:1)
      at Object.require (src/screens/policia/LoginPoliceScreen.test.js:3:1)

    console.warn
      SafeAreaView has been deprecated and will be removed in a future release. Please use 
'react-native-safe-area-context' instead. See https://github.com/AppAndFlow/react-native-safe-area-context

    [0m [90m  6 |[39m [36mexport[39m [36mconst[39m [33mContainer[39m [33m=[39m ({ children }) [33m=>[39m {
     [90m  7 |[39m   [36mreturn[39m (
    [31m[1m>[22m[39m[90m  8 |[39m     [33m<[39m[33mSafeAreaView[39m 
style[33m=[39m{styles[33m.[39msafeArea}[33m>[39m
     [90m    |[39m      [31m[1m^[22m[39m
     [90m  9 |[39m       [33m<[39m[33mView[39m style[33m=[39m{styles[33m.[39mcontainer}[33m>[39m
     [90m 10 |[39m         [33m<[39m[33mHeader[39m [33m/[39m[33m>[39m
     [90m 11 |[39m         {[90m/* <ScrollView style={styles.content}> */[39m}[0m

      at warn (node_modules/react-native/Libraries/Utilities/warnOnce.js:27:11)
      at Object.warnOnce [as SafeAreaView] (node_modules/react-native/index.js:98:5)
      at SafeAreaView (src/components/layout/Container.js:8:6)
      at Object.react_stack_bottom_frame 
(node_modules/react-test-renderer/cjs/react-test-renderer.development.js:15670:20)
      at renderWithHooks (node_modules/react-test-renderer/cjs/react-test-renderer.development.js:4863:22)
      at updateFunctionComponent (node_modules/react-test-renderer/cjs/react-test-renderer.development.js:7018:19)
      at beginWork (node_modules/react-test-renderer/cjs/react-test-renderer.development.js:8499:18)
      at runWithFiberInDEV (node_modules/react-test-renderer/cjs/react-test-renderer.development.js:2315:13)
      at performUnitOfWork (node_modules/react-test-renderer/cjs/react-test-renderer.development.js:13224:22)
      at workLoopSync (node_modules/react-test-renderer/cjs/react-test-renderer.development.js:13068:41)
      at renderRootSync (node_modules/react-test-renderer/cjs/react-test-renderer.development.js:13049:11)
      at performWorkOnRoot (node_modules/react-test-renderer/cjs/react-test-renderer.development.js:12181:11)
      at performWorkOnRootViaSchedulerTask 
(node_modules/react-test-renderer/cjs/react-test-renderer.development.js:2908:7)
      at flushActQueue (node_modules/react/cjs/react.development.js:590:34)
      at Object.<anonymous>.process.env.NODE_ENV.exports.act (node_modules/react/cjs/react.development.js:884:10)
      at actImplementation (node_modules/@testing-library/react-native/src/act.ts:30:25)
      at renderWithAct (node_modules/@testing-library/react-native/src/render-act.ts:13:11)
      at renderInternal (node_modules/@testing-library/react-native/src/render.tsx:69:33)
      at renderInternal (node_modules/@testing-library/react-native/src/render.tsx:44:10)
      at Object.<anonymous> (src/screens/policia/LoginPoliceScreen.test.js:20:11)

  ÔùÅ LoginPoliceScreen ÔÇ║ renders correctly with all basic elements

    Couldn't get the navigation state. Is your component inside a navigator?

    [0m [90m 40 |[39m       ][33m;[39m
     [90m 41 |[39m
    [31m[1m>[22m[39m[90m 42 |[39m   [36mconst[39m currentRoute [33m=[39m useNavigationState(
     [90m    |[39m                                          [31m[1m^[22m[39m
     [90m 43 |[39m     (state) [33m=>[39m 
state[33m?[39m[33m.[39mroutes[state[33m.[39mindex][33m?[39m[33m.[39mname
     [90m 44 |[39m   )[33m;[39m
     [90m 45 |[39m[0m

      at useNavigationState (node_modules/@react-navigation/core/src/useNavigationState.tsx:21:11)
      at Header (src/components/layout/Header.js:42:42)
      at Object.react_stack_bottom_frame 
(node_modules/react-test-renderer/cjs/react-test-renderer.development.js:15670:20)
      at renderWithHooks (node_modules/react-test-renderer/cjs/react-test-renderer.development.js:4863:22)
      at updateFunctionComponent (node_modules/react-test-renderer/cjs/react-test-renderer.development.js:7018:19)
      at beginWork (node_modules/react-test-renderer/cjs/react-test-renderer.development.js:8499:18)
      at runWithFiberInDEV (node_modules/react-test-renderer/cjs/react-test-renderer.development.js:2315:13)
      at performUnitOfWork (node_modules/react-test-renderer/cjs/react-test-renderer.development.js:13224:22)
      at workLoopSync (node_modules/react-test-renderer/cjs/react-test-renderer.development.js:13068:41)
      at renderRootSync (node_modules/react-test-renderer/cjs/react-test-renderer.development.js:13049:11)
      at performWorkOnRoot (node_modules/react-test-renderer/cjs/react-test-renderer.development.js:12253:39)
      at performWorkOnRootViaSchedulerTask 
(node_modules/react-test-renderer/cjs/react-test-renderer.development.js:2908:7)
      at flushActQueue (node_modules/react/cjs/react.development.js:590:34)
      at Object.<anonymous>.process.env.NODE_ENV.exports.act (node_modules/react/cjs/react.development.js:884:10)
      at actImplementation (node_modules/@testing-library/react-native/src/act.ts:30:25)
      at renderWithAct (node_modules/@testing-library/react-native/src/render-act.ts:13:11)
      at renderInternal (node_modules/@testing-library/react-native/src/render.tsx:69:33)
      at renderInternal (node_modules/@testing-library/react-native/src/render.tsx:44:10)
      at Object.<anonymous> (src/screens/policia/LoginPoliceScreen.test.js:20:11)

Test Suites: 2 failed, 2 total
Tests:       1 failed, 1 total
Snapshots:   0 total
Time:        1.55 s, estimated 5 s
Ran all test suites.
